Archive member included to satisfy reference by file (symbol)

libshield/libshield.a(lcd_128x32.o)
                              src/main.o (lcd_reset)
lib/libstm32.a(io.o)          lib/uart.o (io_configure)
lib/libstm32.a(spi.o)         libshield/libshield.a(lcd_128x32.o) (spi_master_init)
lib/libstm32.a(timer.o)       libshield/libshield.a(lcd_128x32.o) (timer_wait_ms)
lib/libstm32.a(util.o)        libshield/libshield.a(lcd_128x32.o) (num2str)
lib/libstm32.a(dma.o)         lib/libstm32.a(spi.o) (dma_stream_init)
/usr/lib/gcc/arm-none-eabi/10.3.1/../../../arm-none-eabi/lib/thumb/v7e-m+fp/hard/libc.a(lib_a-atexit.o)
                              /usr/lib/gcc/arm-none-eabi/10.3.1/../../../arm-none-eabi/lib/thumb/v7e-m+fp/hard/crt0.o (atexit)
/usr/lib/gcc/arm-none-eabi/10.3.1/../../../arm-none-eabi/lib/thumb/v7e-m+fp/hard/libc.a(lib_a-ctype_.o)
                              lib/term.o (_ctype_)
/usr/lib/gcc/arm-none-eabi/10.3.1/../../../arm-none-eabi/lib/thumb/v7e-m+fp/hard/libc.a(lib_a-exit.o)
                              /usr/lib/gcc/arm-none-eabi/10.3.1/../../../arm-none-eabi/lib/thumb/v7e-m+fp/hard/crt0.o (exit)
/usr/lib/gcc/arm-none-eabi/10.3.1/../../../arm-none-eabi/lib/thumb/v7e-m+fp/hard/libc.a(lib_a-fini.o)
                              /usr/lib/gcc/arm-none-eabi/10.3.1/../../../arm-none-eabi/lib/thumb/v7e-m+fp/hard/crt0.o (__libc_fini_array)
/usr/lib/gcc/arm-none-eabi/10.3.1/../../../arm-none-eabi/lib/thumb/v7e-m+fp/hard/libc.a(lib_a-impure.o)
                              /usr/lib/gcc/arm-none-eabi/10.3.1/../../../arm-none-eabi/lib/thumb/v7e-m+fp/hard/libc.a(lib_a-exit.o) (_global_impure_ptr)
/usr/lib/gcc/arm-none-eabi/10.3.1/../../../arm-none-eabi/lib/thumb/v7e-m+fp/hard/libc.a(lib_a-init.o)
                              /usr/lib/gcc/arm-none-eabi/10.3.1/../../../arm-none-eabi/lib/thumb/v7e-m+fp/hard/crt0.o (__libc_init_array)
/usr/lib/gcc/arm-none-eabi/10.3.1/../../../arm-none-eabi/lib/thumb/v7e-m+fp/hard/libc.a(lib_a-memmove.o)
                              lib/term.o (memmove)
/usr/lib/gcc/arm-none-eabi/10.3.1/../../../arm-none-eabi/lib/thumb/v7e-m+fp/hard/libc.a(lib_a-memset.o)
                              /usr/lib/gcc/arm-none-eabi/10.3.1/../../../arm-none-eabi/lib/thumb/v7e-m+fp/hard/crt0.o (memset)
/usr/lib/gcc/arm-none-eabi/10.3.1/../../../arm-none-eabi/lib/thumb/v7e-m+fp/hard/libc.a(lib_a-strcpy.o)
                              lib/term.o (strcpy)
/usr/lib/gcc/arm-none-eabi/10.3.1/../../../arm-none-eabi/lib/thumb/v7e-m+fp/hard/libc.a(lib_a-strlen.o)
                              lib/term.o (strlen)
/usr/lib/gcc/arm-none-eabi/10.3.1/../../../arm-none-eabi/lib/thumb/v7e-m+fp/hard/libc.a(lib_a-__atexit.o)
                              /usr/lib/gcc/arm-none-eabi/10.3.1/../../../arm-none-eabi/lib/thumb/v7e-m+fp/hard/libc.a(lib_a-atexit.o) (__register_exitproc)
/usr/lib/gcc/arm-none-eabi/10.3.1/../../../arm-none-eabi/lib/thumb/v7e-m+fp/hard/libc.a(lib_a-__call_atexit.o)
                              /usr/lib/gcc/arm-none-eabi/10.3.1/../../../arm-none-eabi/lib/thumb/v7e-m+fp/hard/libc.a(lib_a-exit.o) (__call_exitprocs)
/usr/lib/gcc/arm-none-eabi/10.3.1/thumb/v7e-m+fp/hard/libgcc.a(_arm_addsubdf3.o)
                              src/main.o (__aeabi_i2d)
/usr/lib/gcc/arm-none-eabi/10.3.1/thumb/v7e-m+fp/hard/libgcc.a(_arm_fixdfsi.o)
                              src/main.o (__aeabi_d2iz)
/usr/lib/gcc/arm-none-eabi/10.3.1/../../../arm-none-eabi/lib/thumb/v7e-m+fp/hard/libm.a(lib_a-s_fmax.o)
                              src/main.o (fmax)
/usr/lib/gcc/arm-none-eabi/10.3.1/../../../arm-none-eabi/lib/thumb/v7e-m+fp/hard/libm.a(lib_a-s_fmin.o)
                              src/main.o (fmin)
/usr/lib/gcc/arm-none-eabi/10.3.1/../../../arm-none-eabi/lib/thumb/v7e-m+fp/hard/libm.a(lib_a-s_fpclassify.o)
                              /usr/lib/gcc/arm-none-eabi/10.3.1/../../../arm-none-eabi/lib/thumb/v7e-m+fp/hard/libm.a(lib_a-s_fmax.o) (__fpclassifyd)
/usr/lib/gcc/arm-none-eabi/10.3.1/thumb/v7e-m+fp/hard/libgcc.a(_arm_cmpdf2.o)
                              /usr/lib/gcc/arm-none-eabi/10.3.1/../../../arm-none-eabi/lib/thumb/v7e-m+fp/hard/libm.a(lib_a-s_fmin.o) (__aeabi_dcmplt)

Discarded input sections

 .text          0x0000000000000000        0x0 /usr/lib/gcc/arm-none-eabi/10.3.1/thumb/v7e-m+fp/hard/crti.o
 .text          0x0000000000000000       0x70 /usr/lib/gcc/arm-none-eabi/10.3.1/../../../arm-none-eabi/lib/thumb/v7e-m+fp/hard/crt0.o
 .ARM.extab     0x0000000000000000        0x0 /usr/lib/gcc/arm-none-eabi/10.3.1/../../../arm-none-eabi/lib/thumb/v7e-m+fp/hard/crt0.o
 .ARM.exidx     0x0000000000000000       0x10 /usr/lib/gcc/arm-none-eabi/10.3.1/../../../arm-none-eabi/lib/thumb/v7e-m+fp/hard/crt0.o
 .text          0x0000000000000000        0x0 startup/stm32f411_periph.o
 .text          0x0000000000000000      0xb9c lib/term.o
 .text          0x0000000000000000        0x0 startup/startup_stm32f411xe.o
 .text          0x0000000000000000        0x0 /usr/lib/gcc/arm-none-eabi/10.3.1/../../../arm-none-eabi/lib/thumb/v7e-m+fp/hard/libc.a(lib_a-ctype_.o)
 .text          0x0000000000000000       0x20 /usr/lib/gcc/arm-none-eabi/10.3.1/../../../arm-none-eabi/lib/thumb/v7e-m+fp/hard/libc.a(lib_a-exit.o)
 .text          0x0000000000000000        0x0 /usr/lib/gcc/arm-none-eabi/10.3.1/../../../arm-none-eabi/lib/thumb/v7e-m+fp/hard/libc.a(lib_a-impure.o)
 .text          0x0000000000000000       0xf8 /usr/lib/gcc/arm-none-eabi/10.3.1/../../../arm-none-eabi/lib/thumb/v7e-m+fp/hard/libc.a(lib_a-memmove.o)
 .text          0x0000000000000000       0xbc /usr/lib/gcc/arm-none-eabi/10.3.1/../../../arm-none-eabi/lib/thumb/v7e-m+fp/hard/libc.a(lib_a-strcpy.o)
 .text          0x0000000000000000       0xdc /usr/lib/gcc/arm-none-eabi/10.3.1/../../../arm-none-eabi/lib/thumb/v7e-m+fp/hard/libc.a(lib_a-strlen.o)
 .text          0x0000000000000000       0xb8 /usr/lib/gcc/arm-none-eabi/10.3.1/../../../arm-none-eabi/lib/thumb/v7e-m+fp/hard/libc.a(lib_a-__call_atexit.o)
 .text          0x0000000000000000        0x0 /usr/lib/gcc/arm-none-eabi/10.3.1/thumb/v7e-m+fp/hard/crtend.o
 .eh_frame      0x0000000000000000        0x4 /usr/lib/gcc/arm-none-eabi/10.3.1/thumb/v7e-m+fp/hard/crtend.o
 .text          0x0000000000000000        0x0 /usr/lib/gcc/arm-none-eabi/10.3.1/thumb/v7e-m+fp/hard/crtn.o

Memory Configuration

Name             Origin             Length             Attributes
FLASH            0x0000000008000000 0x0000000000080000 xr
RAM              0x0000000020000000 0x0000000000020000 xrw
*default*        0x0000000000000000 0xffffffffffffffff

Linker script and memory map

LOAD /usr/lib/gcc/arm-none-eabi/10.3.1/thumb/v7e-m+fp/hard/crti.o
LOAD /usr/lib/gcc/arm-none-eabi/10.3.1/thumb/v7e-m+fp/hard/crtbegin.o
LOAD /usr/lib/gcc/arm-none-eabi/10.3.1/../../../arm-none-eabi/lib/thumb/v7e-m+fp/hard/crt0.o
LOAD startup/stm32f411_periph.o
LOAD startup/sys_handlers.o
LOAD startup/rcc.o
LOAD startup/system_stm32f4xx.o
LOAD lib/uart.o
LOAD lib/term.o
LOAD src/main.o
LOAD startup/startup_stm32f411xe.o
LOAD libshield/libshield.a
LOAD lib/libstm32.a
LOAD /usr/lib/gcc/arm-none-eabi/10.3.1/../../../arm-none-eabi/lib/thumb/v7e-m+fp/hard/libc.a
LOAD /usr/lib/gcc/arm-none-eabi/10.3.1/thumb/v7e-m+fp/hard/libgcc.a
LOAD /usr/lib/gcc/arm-none-eabi/10.3.1/thumb/v7e-m+fp/hard/libgcov.a
LOAD /usr/lib/gcc/arm-none-eabi/10.3.1/../../../arm-none-eabi/lib/thumb/v7e-m+fp/hard/libm.a
START GROUP
LOAD /usr/lib/gcc/arm-none-eabi/10.3.1/thumb/v7e-m+fp/hard/libgcc.a
LOAD /usr/lib/gcc/arm-none-eabi/10.3.1/../../../arm-none-eabi/lib/thumb/v7e-m+fp/hard/libc.a
END GROUP
LOAD /usr/lib/gcc/arm-none-eabi/10.3.1/thumb/v7e-m+fp/hard/crtend.o
LOAD /usr/lib/gcc/arm-none-eabi/10.3.1/thumb/v7e-m+fp/hard/crtn.o
                0x0000000020020000                _estack = 0x20020000
                0x0000000000000200                _Min_Heap_Size = 0x200
                0x0000000000000400                _Min_Stack_Size = 0x400

.isr_vector     0x0000000008000000      0x198
                0x0000000008000000                . = ALIGN (0x4)
 *(.isr_vector)
 .isr_vector    0x0000000008000000      0x198 startup/startup_stm32f411xe.o
                0x0000000008000000                g_pfnVectors
                0x0000000008000198                . = ALIGN (0x4)

.text           0x0000000008000198     0x3ed4
                0x0000000008000198                . = ALIGN (0x4)
 *(.text)
 .text          0x0000000008000198       0x88 /usr/lib/gcc/arm-none-eabi/10.3.1/thumb/v7e-m+fp/hard/crtbegin.o
 .text          0x0000000008000220       0x5e startup/sys_handlers.o
                0x0000000008000220                NMI_Handler
                0x000000000800022e                HardFault_Handler
                0x0000000008000234                MemManage_Handler
                0x000000000800023a                BusFault_Handler
                0x0000000008000240                UsageFault_Handler
                0x0000000008000246                SVC_Handler
                0x0000000008000254                DebugMon_Handler
                0x0000000008000262                PendSV_Handler
                0x0000000008000270                SysTick_Handler
 *fill*         0x000000000800027e        0x2 
 .text          0x0000000008000280      0x498 startup/rcc.o
                0x00000000080004a0                rcc_sys_clk_cfg
                0x0000000008000694                rcc_i2s_clk_cfg
 .text          0x0000000008000718      0x170 startup/system_stm32f4xx.o
                0x0000000008000718                SystemInit
                0x0000000008000788                SystemCoreClockUpdate
 .text          0x0000000008000888      0x530 lib/uart.o
                0x0000000008000910                USART1_IRQHandler
                0x00000000080009a4                USART2_IRQHandler
                0x0000000008000a38                USART6_IRQHandler
                0x0000000008000acc                uart_init
                0x0000000008000c10                uart_getc
                0x0000000008000c38                uart_getchar
                0x0000000008000c60                uart_putc
                0x0000000008000c8c                uart_puts
                0x0000000008000cca                uart_printf
 .text          0x0000000008000db8      0x5c4 src/main.o
                0x0000000008000db8                my_rand
                0x0000000008000e00                check_win
                0x0000000008000ee0                check_draw
                0x0000000008000f38                evaluate_board
                0x0000000008000f74                minimax
                0x0000000008001118                lcd_affichage_char
                0x0000000008001138                lcd_affichage
                0x0000000008001190                ft_cb
                0x0000000008001350                main
 .text          0x000000000800137c      0xaa4 libshield/libshield.a(lcd_128x32.o)
                0x00000000080016a0                lcd_reset
                0x00000000080018ac                lcd_set_contrast
                0x0000000008001918                lcd_get_contrast
                0x0000000008001924                lcd_width
                0x0000000008001928                lcd_height
                0x000000000800192c                lcd_invert
                0x000000000800197c                lcd_setmode
                0x0000000008001988                lcd_get_autoup
                0x0000000008001994                lcd_set_autoup
                0x00000000080019a4                locate
                0x00000000080019b0                cls
                0x00000000080019d0                line
                0x0000000008001a88                rect
                0x0000000008001b40                fillrect
                0x0000000008001b98                circle
                0x0000000008001ba0                fillcircle
                0x0000000008001be8                bitmap
                0x0000000008001c5c                lcd_putc
                0x0000000008001c80                lcd_puts
                0x0000000008001ce0                lcd_printf
 .text          0x0000000008001e20      0x508 lib/libstm32.a(io.o)
                0x0000000008001e20                EXTI0_IRQHandler
                0x0000000008001e3c                EXTI1_IRQHandler
                0x0000000008001e58                EXTI2_IRQHandler
                0x0000000008001e74                EXTI3_IRQHandler
                0x0000000008001e90                EXTI4_IRQHandler
                0x0000000008001eac                EXTI9_5_IRQHandler
                0x0000000008001f2c                EXTI15_10_IRQHandler
                0x0000000008001fc8                io_configure
                0x00000000080022f4                io_read
                0x00000000080022fc                io_write
                0x000000000800230c                io_write_n
                0x000000000800231c                io_set
                0x0000000008002320                io_clear
 .text          0x0000000008002328      0x49c lib/libstm32.a(spi.o)
                0x0000000008002328                SPI1_IRQHandler
                0x000000000800238c                spi_master_init
                0x0000000008002414                spi_transmit
                0x0000000008002440                spi_receive
                0x0000000008002460                spi_transmit_receive
                0x00000000080024c8                spi_write
                0x0000000008002514                spi_write_byte
                0x0000000008002528                spi_dma_write
                0x00000000080025c0                spi_dma_write_n
                0x0000000008002658                spi_dma_write16
                0x000000000800270c                spi_dma_write16_n
 .text          0x00000000080027c4      0x620 lib/libstm32.a(timer.o)
                0x00000000080027e0                TIM3_IRQHandler
                0x0000000008002800                TIM4_IRQHandler
                0x0000000008002820                TIM5_IRQHandler
                0x0000000008002840                timer_wait_ms
                0x0000000008002964                timer_wait_us
                0x0000000008002a80                timer_tick_init
                0x0000000008002b6c                timer_tick_period
                0x0000000008002b80                timer_count_init
                0x0000000008002c14                timer_start
                0x0000000008002c24                timer_stop
                0x0000000008002c30                timer_read
                0x0000000008002c34                pwm_init
                0x0000000008002d18                pwm_channel_enable
                0x0000000008002da0                pwm_channel_disable
                0x0000000008002db4                pwm_channel_set
 .text          0x0000000008002de4       0xb4 lib/libstm32.a(util.o)
                0x0000000008002de4                num2str
                0x0000000008002e34                str2num
 .text          0x0000000008002e98      0xa00 lib/libstm32.a(dma.o)
                0x0000000008002e98                DMA1_Stream0_IRQHandler
                0x0000000008002f08                DMA1_Stream1_IRQHandler
                0x0000000008002f80                DMA1_Stream2_IRQHandler
                0x0000000008002ff8                DMA1_Stream3_IRQHandler
                0x0000000008003070                DMA1_Stream4_IRQHandler
                0x00000000080030e0                DMA1_Stream5_IRQHandler
                0x0000000008003158                DMA1_Stream6_IRQHandler
                0x00000000080031d4                DMA1_Stream7_IRQHandler
                0x0000000008003250                DMA2_Stream0_IRQHandler
                0x00000000080032c0                DMA2_Stream1_IRQHandler
                0x0000000008003338                DMA2_Stream2_IRQHandler
                0x00000000080033b0                DMA2_Stream3_IRQHandler
                0x0000000008003428                DMA2_Stream4_IRQHandler
                0x0000000008003498                DMA2_Stream5_IRQHandler
                0x0000000008003510                DMA2_Stream6_IRQHandler
                0x000000000800358c                DMA2_Stream7_IRQHandler
                0x0000000008003608                dma_stream_init
                0x0000000008003808                dma_start
                0x0000000008003838                dma_stop
                0x0000000008003850                dma_complete
                0x000000000800385c                dma_status
 .text          0x0000000008003898        0xc /usr/lib/gcc/arm-none-eabi/10.3.1/../../../arm-none-eabi/lib/thumb/v7e-m+fp/hard/libc.a(lib_a-atexit.o)
                0x0000000008003898                atexit
 .text          0x00000000080038a4       0x2c /usr/lib/gcc/arm-none-eabi/10.3.1/../../../arm-none-eabi/lib/thumb/v7e-m+fp/hard/libc.a(lib_a-fini.o)
                0x00000000080038a4                __libc_fini_array
 .text          0x00000000080038d0       0x48 /usr/lib/gcc/arm-none-eabi/10.3.1/../../../arm-none-eabi/lib/thumb/v7e-m+fp/hard/libc.a(lib_a-init.o)
                0x00000000080038d0                __libc_init_array
 .text          0x0000000008003918       0xa4 /usr/lib/gcc/arm-none-eabi/10.3.1/../../../arm-none-eabi/lib/thumb/v7e-m+fp/hard/libc.a(lib_a-memset.o)
                0x0000000008003918                memset
 .text          0x00000000080039bc       0x68 /usr/lib/gcc/arm-none-eabi/10.3.1/../../../arm-none-eabi/lib/thumb/v7e-m+fp/hard/libc.a(lib_a-__atexit.o)
                0x00000000080039bc                __register_exitproc
 .text          0x0000000008003a24      0x378 /usr/lib/gcc/arm-none-eabi/10.3.1/thumb/v7e-m+fp/hard/libgcc.a(_arm_addsubdf3.o)
                0x0000000008003a24                __aeabi_drsub
                0x0000000008003a2c                __aeabi_dsub
                0x0000000008003a2c                __subdf3
                0x0000000008003a30                __adddf3
                0x0000000008003a30                __aeabi_dadd
                0x0000000008003ca8                __aeabi_ui2d
                0x0000000008003ca8                __floatunsidf
                0x0000000008003cc8                __floatsidf
                0x0000000008003cc8                __aeabi_i2d
                0x0000000008003cec                __extendsfdf2
                0x0000000008003cec                __aeabi_f2d
                0x0000000008003d30                __aeabi_ul2d
                0x0000000008003d30                __floatundidf
                0x0000000008003d40                __floatdidf
                0x0000000008003d40                __aeabi_l2d
 .text          0x0000000008003d9c       0x50 /usr/lib/gcc/arm-none-eabi/10.3.1/thumb/v7e-m+fp/hard/libgcc.a(_arm_fixdfsi.o)
                0x0000000008003d9c                __fixdfsi
                0x0000000008003d9c                __aeabi_d2iz
 .text          0x0000000008003dec       0x50 /usr/lib/gcc/arm-none-eabi/10.3.1/../../../arm-none-eabi/lib/thumb/v7e-m+fp/hard/libm.a(lib_a-s_fmax.o)
                0x0000000008003dec                fmax
 .text          0x0000000008003e3c       0x50 /usr/lib/gcc/arm-none-eabi/10.3.1/../../../arm-none-eabi/lib/thumb/v7e-m+fp/hard/libm.a(lib_a-s_fmin.o)
                0x0000000008003e3c                fmin
 .text          0x0000000008003e8c       0x54 /usr/lib/gcc/arm-none-eabi/10.3.1/../../../arm-none-eabi/lib/thumb/v7e-m+fp/hard/libm.a(lib_a-s_fpclassify.o)
                0x0000000008003e8c                __fpclassifyd
 .text          0x0000000008003ee0      0x110 /usr/lib/gcc/arm-none-eabi/10.3.1/thumb/v7e-m+fp/hard/libgcc.a(_arm_cmpdf2.o)
                0x0000000008003ee0                __gtdf2
                0x0000000008003ee0                __gedf2
                0x0000000008003ee8                __ltdf2
                0x0000000008003ee8                __ledf2
                0x0000000008003ef0                __cmpdf2
                0x0000000008003ef0                __eqdf2
                0x0000000008003ef0                __nedf2
                0x0000000008003f6c                __aeabi_cdrcmple
                0x0000000008003f7c                __aeabi_cdcmple
                0x0000000008003f7c                __aeabi_cdcmpeq
                0x0000000008003f8c                __aeabi_dcmpeq
                0x0000000008003fa0                __aeabi_dcmplt
                0x0000000008003fb4                __aeabi_dcmple
                0x0000000008003fc8                __aeabi_dcmpge
                0x0000000008003fdc                __aeabi_dcmpgt
 *(.text*)
 .text.Reset_Handler
                0x0000000008003ff0       0x4c startup/startup_stm32f411xe.o
                0x0000000008003ff0                Reset_Handler
                0x0000000008004022                _exit
 .text.Default_Handler
                0x000000000800403c        0x2 startup/startup_stm32f411xe.o
                0x000000000800403c                RTC_Alarm_IRQHandler
                0x000000000800403c                SPI4_IRQHandler
                0x000000000800403c                TIM1_CC_IRQHandler
                0x000000000800403c                PVD_IRQHandler
                0x000000000800403c                SDIO_IRQHandler
                0x000000000800403c                TAMP_STAMP_IRQHandler
                0x000000000800403c                TIM1_UP_TIM10_IRQHandler
                0x000000000800403c                I2C3_ER_IRQHandler
                0x000000000800403c                I2C2_EV_IRQHandler
                0x000000000800403c                FPU_IRQHandler
                0x000000000800403c                TIM1_BRK_TIM9_IRQHandler
                0x000000000800403c                I2C1_EV_IRQHandler
                0x000000000800403c                RCC_IRQHandler
                0x000000000800403c                Default_Handler
                0x000000000800403c                ADC_IRQHandler
                0x000000000800403c                SPI5_IRQHandler
                0x000000000800403c                I2C3_EV_IRQHandler
                0x000000000800403c                RTC_WKUP_IRQHandler
                0x000000000800403c                SPI2_IRQHandler
                0x000000000800403c                WWDG_IRQHandler
                0x000000000800403c                TIM2_IRQHandler
                0x000000000800403c                OTG_FS_WKUP_IRQHandler
                0x000000000800403c                TIM1_TRG_COM_TIM11_IRQHandler
                0x000000000800403c                I2C2_ER_IRQHandler
                0x000000000800403c                FLASH_IRQHandler
                0x000000000800403c                OTG_FS_IRQHandler
                0x000000000800403c                SPI3_IRQHandler
                0x000000000800403c                I2C1_ER_IRQHandler
 *fill*         0x000000000800403e        0x2 
 .text.startup  0x0000000008004040       0x14 /usr/lib/gcc/arm-none-eabi/10.3.1/../../../arm-none-eabi/lib/thumb/v7e-m+fp/hard/libc.a(lib_a-__call_atexit.o)
 *(.glue_7)
 .glue_7        0x0000000008004054        0x0 linker stubs
 *(.glue_7t)
 .glue_7t       0x0000000008004054        0x0 linker stubs
 *(.eh_frame)
 .eh_frame      0x0000000008004054        0x0 /usr/lib/gcc/arm-none-eabi/10.3.1/thumb/v7e-m+fp/hard/crtbegin.o
 *(.init)
 .init          0x0000000008004054        0x4 /usr/lib/gcc/arm-none-eabi/10.3.1/thumb/v7e-m+fp/hard/crti.o
                0x0000000008004054                _init
 .init          0x0000000008004058        0x8 /usr/lib/gcc/arm-none-eabi/10.3.1/thumb/v7e-m+fp/hard/crtn.o
 *(.fini)
 .fini          0x0000000008004060        0x4 /usr/lib/gcc/arm-none-eabi/10.3.1/thumb/v7e-m+fp/hard/crti.o
                0x0000000008004060                _fini
 .fini          0x0000000008004064        0x8 /usr/lib/gcc/arm-none-eabi/10.3.1/thumb/v7e-m+fp/hard/crtn.o
                0x000000000800406c                . = ALIGN (0x4)
                0x000000000800406c                _etext = .

.vfp11_veneer   0x000000000800406c        0x0
 .vfp11_veneer  0x000000000800406c        0x0 linker stubs

.v4_bx          0x000000000800406c        0x0
 .v4_bx         0x000000000800406c        0x0 linker stubs

.iplt           0x000000000800406c        0x0
 .iplt          0x000000000800406c        0x0 /usr/lib/gcc/arm-none-eabi/10.3.1/thumb/v7e-m+fp/hard/crtbegin.o

.rodata         0x000000000800406c      0xa54
                0x000000000800406c                . = ALIGN (0x4)
 *(.rodata)
 .rodata        0x000000000800406c       0x24 /usr/lib/gcc/arm-none-eabi/10.3.1/thumb/v7e-m+fp/hard/crtbegin.o
 .rodata        0x0000000008004090      0x114 startup/stm32f411_periph.o
                0x0000000008004090                _SCnSCB
                0x0000000008004094                _SCB
                0x0000000008004098                _SysTick
                0x000000000800409c                _NVIC
                0x00000000080040a0                _ITM
                0x00000000080040a4                _DWT
                0x00000000080040a8                _TPI
                0x00000000080040ac                _CoreDebug
                0x00000000080040b0                _MPU
                0x00000000080040b4                _FPU
                0x00000000080040b8                _TIM2
                0x00000000080040bc                _TIM3
                0x00000000080040c0                _TIM4
                0x00000000080040c4                _TIM5
                0x00000000080040c8                _RTC
                0x00000000080040cc                _WWDG
                0x00000000080040d0                _IWDG
                0x00000000080040d4                _I2S2ext
                0x00000000080040d8                _SPI2
                0x00000000080040dc                _SPI3
                0x00000000080040e0                _I2S3ext
                0x00000000080040e4                _USART2
                0x00000000080040e8                _I2C1
                0x00000000080040ec                _I2C2
                0x00000000080040f0                _I2C3
                0x00000000080040f4                _PWR
                0x00000000080040f8                _TIM1
                0x00000000080040fc                _USART1
                0x0000000008004100                _USART6
                0x0000000008004104                _ADC1
                0x0000000008004108                _ADC
                0x000000000800410c                _SDIO
                0x0000000008004110                _SPI1
                0x0000000008004114                _SPI4
                0x0000000008004118                _SYSCFG
                0x000000000800411c                _EXTI
                0x0000000008004120                _TIM9
                0x0000000008004124                _TIM10
                0x0000000008004128                _TIM11
                0x000000000800412c                _SPI5
                0x0000000008004130                _GPIOA
                0x0000000008004134                _GPIOB
                0x0000000008004138                _GPIOC
                0x000000000800413c                _GPIOD
                0x0000000008004140                _GPIOE
                0x0000000008004144                _GPIOH
                0x0000000008004148                _CRC
                0x000000000800414c                _RCC
                0x0000000008004150                _FLASH
                0x0000000008004154                _DMA1
                0x0000000008004158                _DMA1_Stream0
                0x000000000800415c                _DMA1_Stream1
                0x0000000008004160                _DMA1_Stream2
                0x0000000008004164                _DMA1_Stream3
                0x0000000008004168                _DMA1_Stream4
                0x000000000800416c                _DMA1_Stream5
                0x0000000008004170                _DMA1_Stream6
                0x0000000008004174                _DMA1_Stream7
                0x0000000008004178                _DMA2
                0x000000000800417c                _DMA2_Stream0
                0x0000000008004180                _DMA2_Stream1
                0x0000000008004184                _DMA2_Stream2
                0x0000000008004188                _DMA2_Stream3
                0x000000000800418c                _DMA2_Stream4
                0x0000000008004190                _DMA2_Stream5
                0x0000000008004194                _DMA2_Stream6
                0x0000000008004198                _DMA2_Stream7
                0x000000000800419c                _DBGMCU
                0x00000000080041a0                _USB_OTG_FS
 .rodata        0x00000000080041a4       0x18 startup/system_stm32f4xx.o
                0x00000000080041a4                AHBPrescTable
                0x00000000080041b4                APBPrescTable
 .rodata        0x00000000080041bc       0x32 lib/term.o
 *fill*         0x00000000080041ee        0x2 
 .rodata        0x00000000080041f0       0x3e src/main.o
 *fill*         0x000000000800422e        0x2 
 .rodata        0x0000000008004230      0x724 libshield/libshield.a(lcd_128x32.o)
 .rodata        0x0000000008004954       0x11 lib/libstm32.a(util.o)
 *fill*         0x0000000008004965        0x3 
 .rodata        0x0000000008004968       0x2b lib/libstm32.a(dma.o)
 *fill*         0x0000000008004993        0x1 
 .rodata        0x0000000008004994      0x101 /usr/lib/gcc/arm-none-eabi/10.3.1/../../../arm-none-eabi/lib/thumb/v7e-m+fp/hard/libc.a(lib_a-ctype_.o)
                0x0000000008004994                _ctype_
 *fill*         0x0000000008004a95        0x3 
 .rodata        0x0000000008004a98        0x4 /usr/lib/gcc/arm-none-eabi/10.3.1/../../../arm-none-eabi/lib/thumb/v7e-m+fp/hard/libc.a(lib_a-impure.o)
                0x0000000008004a98                _global_impure_ptr
 .rodata        0x0000000008004a9c       0x24 /usr/lib/gcc/arm-none-eabi/10.3.1/thumb/v7e-m+fp/hard/crtend.o
 *(.rodata*)
                0x0000000008004ac0                . = ALIGN (0x4)

.rel.dyn        0x0000000008004ac0        0x0
 .rel.iplt      0x0000000008004ac0        0x0 /usr/lib/gcc/arm-none-eabi/10.3.1/thumb/v7e-m+fp/hard/crtbegin.o

.ARM.extab
 *(.ARM.extab* .gnu.linkonce.armextab.*)

.ARM            0x0000000008004ac0        0x0
                0x0000000008004ac0                __exidx_start = .
 *(.ARM.exidx*)
                0x0000000008004ac0                __exidx_end = .

.preinit_array  0x0000000008004ac0        0x0
                0x0000000008004ac0                PROVIDE (__preinit_array_start = .)
 *(.preinit_array*)
                0x0000000008004ac0                PROVIDE (__preinit_array_end = .)

.init_array     0x0000000008004ac0        0x8
                0x0000000008004ac0                PROVIDE (__init_array_start = .)
 *(SORT_BY_NAME(.init_array.*))
 .init_array.00000
                0x0000000008004ac0        0x4 /usr/lib/gcc/arm-none-eabi/10.3.1/../../../arm-none-eabi/lib/thumb/v7e-m+fp/hard/libc.a(lib_a-__call_atexit.o)
 *(.init_array*)
 .init_array    0x0000000008004ac4        0x4 /usr/lib/gcc/arm-none-eabi/10.3.1/thumb/v7e-m+fp/hard/crtbegin.o
                0x0000000008004ac8                PROVIDE (__init_array_end = .)

.fini_array     0x0000000008004ac8        0x4
                0x0000000008004ac8                PROVIDE (__fini_array_start = .)
 *(SORT_BY_NAME(.fini_array.*))
 *(.fini_array*)
 .fini_array    0x0000000008004ac8        0x4 /usr/lib/gcc/arm-none-eabi/10.3.1/thumb/v7e-m+fp/hard/crtbegin.o
                0x0000000008004acc                PROVIDE (__fini_array_end = .)
                0x0000000008004acc                _sidata = LOADADDR (.data)

.data           0x0000000020000000      0x540 load address 0x0000000008004acc
                0x0000000020000000                . = ALIGN (0x4)
                0x0000000020000000                _sdata = .
 *(.data)
 .data          0x0000000020000000        0x0 /usr/lib/gcc/arm-none-eabi/10.3.1/thumb/v7e-m+fp/hard/crti.o
 .data          0x0000000020000000        0x4 /usr/lib/gcc/arm-none-eabi/10.3.1/thumb/v7e-m+fp/hard/crtbegin.o
                0x0000000020000000                __dso_handle
 .data          0x0000000020000004        0x0 /usr/lib/gcc/arm-none-eabi/10.3.1/../../../arm-none-eabi/lib/thumb/v7e-m+fp/hard/crt0.o
 .data          0x0000000020000004        0x0 startup/stm32f411_periph.o
 .data          0x0000000020000004        0x0 startup/sys_handlers.o
 .data          0x0000000020000004       0xa8 startup/rcc.o
 .data          0x00000000200000ac        0x4 startup/system_stm32f4xx.o
                0x00000000200000ac                SystemCoreClock
 .data          0x00000000200000b0        0x0 lib/uart.o
 .data          0x00000000200000b0       0x11 lib/term.o
 *fill*         0x00000000200000c1        0x3 
 .data          0x00000000200000c4       0x10 src/main.o
 .data          0x00000000200000d4        0x0 startup/startup_stm32f411xe.o
 .data          0x00000000200000d4        0x4 libshield/libshield.a(lcd_128x32.o)
 .data          0x00000000200000d8        0x0 lib/libstm32.a(io.o)
 .data          0x00000000200000d8       0x34 lib/libstm32.a(spi.o)
                0x00000000200000f8                dma2s5_spi1_tx
 .data          0x000000002000010c        0x0 lib/libstm32.a(timer.o)
 .data          0x000000002000010c        0x0 lib/libstm32.a(util.o)
 .data          0x000000002000010c        0x0 lib/libstm32.a(dma.o)
 .data          0x000000002000010c        0x0 /usr/lib/gcc/arm-none-eabi/10.3.1/../../../arm-none-eabi/lib/thumb/v7e-m+fp/hard/libc.a(lib_a-atexit.o)
 .data          0x000000002000010c        0x0 /usr/lib/gcc/arm-none-eabi/10.3.1/../../../arm-none-eabi/lib/thumb/v7e-m+fp/hard/libc.a(lib_a-ctype_.o)
 .data          0x000000002000010c        0x0 /usr/lib/gcc/arm-none-eabi/10.3.1/../../../arm-none-eabi/lib/thumb/v7e-m+fp/hard/libc.a(lib_a-exit.o)
 .data          0x000000002000010c        0x0 /usr/lib/gcc/arm-none-eabi/10.3.1/../../../arm-none-eabi/lib/thumb/v7e-m+fp/hard/libc.a(lib_a-fini.o)
 *fill*         0x000000002000010c        0x4 
 .data          0x0000000020000110      0x430 /usr/lib/gcc/arm-none-eabi/10.3.1/../../../arm-none-eabi/lib/thumb/v7e-m+fp/hard/libc.a(lib_a-impure.o)
                0x0000000020000110                _impure_ptr
 .data          0x0000000020000540        0x0 /usr/lib/gcc/arm-none-eabi/10.3.1/../../../arm-none-eabi/lib/thumb/v7e-m+fp/hard/libc.a(lib_a-init.o)
 .data          0x0000000020000540        0x0 /usr/lib/gcc/arm-none-eabi/10.3.1/../../../arm-none-eabi/lib/thumb/v7e-m+fp/hard/libc.a(lib_a-memmove.o)
 .data          0x0000000020000540        0x0 /usr/lib/gcc/arm-none-eabi/10.3.1/../../../arm-none-eabi/lib/thumb/v7e-m+fp/hard/libc.a(lib_a-memset.o)
 .data          0x0000000020000540        0x0 /usr/lib/gcc/arm-none-eabi/10.3.1/../../../arm-none-eabi/lib/thumb/v7e-m+fp/hard/libc.a(lib_a-strcpy.o)
 .data          0x0000000020000540        0x0 /usr/lib/gcc/arm-none-eabi/10.3.1/../../../arm-none-eabi/lib/thumb/v7e-m+fp/hard/libc.a(lib_a-strlen.o)
 .data          0x0000000020000540        0x0 /usr/lib/gcc/arm-none-eabi/10.3.1/../../../arm-none-eabi/lib/thumb/v7e-m+fp/hard/libc.a(lib_a-__atexit.o)
 .data          0x0000000020000540        0x0 /usr/lib/gcc/arm-none-eabi/10.3.1/../../../arm-none-eabi/lib/thumb/v7e-m+fp/hard/libc.a(lib_a-__call_atexit.o)
 .data          0x0000000020000540        0x0 /usr/lib/gcc/arm-none-eabi/10.3.1/thumb/v7e-m+fp/hard/libgcc.a(_arm_addsubdf3.o)
 .data          0x0000000020000540        0x0 /usr/lib/gcc/arm-none-eabi/10.3.1/thumb/v7e-m+fp/hard/libgcc.a(_arm_fixdfsi.o)
 .data          0x0000000020000540        0x0 /usr/lib/gcc/arm-none-eabi/10.3.1/../../../arm-none-eabi/lib/thumb/v7e-m+fp/hard/libm.a(lib_a-s_fmax.o)
 .data          0x0000000020000540        0x0 /usr/lib/gcc/arm-none-eabi/10.3.1/../../../arm-none-eabi/lib/thumb/v7e-m+fp/hard/libm.a(lib_a-s_fmin.o)
 .data          0x0000000020000540        0x0 /usr/lib/gcc/arm-none-eabi/10.3.1/../../../arm-none-eabi/lib/thumb/v7e-m+fp/hard/libm.a(lib_a-s_fpclassify.o)
 .data          0x0000000020000540        0x0 /usr/lib/gcc/arm-none-eabi/10.3.1/thumb/v7e-m+fp/hard/libgcc.a(_arm_cmpdf2.o)
 .data          0x0000000020000540        0x0 /usr/lib/gcc/arm-none-eabi/10.3.1/thumb/v7e-m+fp/hard/crtend.o
 .data          0x0000000020000540        0x0 /usr/lib/gcc/arm-none-eabi/10.3.1/thumb/v7e-m+fp/hard/crtn.o
 *(.data*)
                0x0000000020000540                . = ALIGN (0x4)
                0x0000000020000540                _edata = .

.tm_clone_table
                0x0000000020000540        0x0 load address 0x000000000800500c
 .tm_clone_table
                0x0000000020000540        0x0 /usr/lib/gcc/arm-none-eabi/10.3.1/thumb/v7e-m+fp/hard/crtbegin.o
 .tm_clone_table
                0x0000000020000540        0x0 /usr/lib/gcc/arm-none-eabi/10.3.1/thumb/v7e-m+fp/hard/crtend.o

.igot.plt       0x0000000020000540        0x0 load address 0x000000000800500c
 .igot.plt      0x0000000020000540        0x0 /usr/lib/gcc/arm-none-eabi/10.3.1/thumb/v7e-m+fp/hard/crtbegin.o
                0x0000000020000540                . = ALIGN (0x4)

.bss            0x0000000020000540      0x3b8 load address 0x000000000800500c
                0x0000000020000540                _sbss = .
                0x0000000020000540                __bss_start__ = _sbss
 *(.bss)
 .bss           0x0000000020000540        0x0 /usr/lib/gcc/arm-none-eabi/10.3.1/thumb/v7e-m+fp/hard/crti.o
 .bss           0x0000000020000540       0x1c /usr/lib/gcc/arm-none-eabi/10.3.1/thumb/v7e-m+fp/hard/crtbegin.o
 .bss           0x000000002000055c        0x0 /usr/lib/gcc/arm-none-eabi/10.3.1/../../../arm-none-eabi/lib/thumb/v7e-m+fp/hard/crt0.o
 .bss           0x000000002000055c        0x0 startup/stm32f411_periph.o
 .bss           0x000000002000055c        0x0 startup/sys_handlers.o
 .bss           0x000000002000055c       0x1c startup/rcc.o
                0x000000002000055c                sysclks
 .bss           0x0000000020000578        0x0 startup/system_stm32f4xx.o
 .bss           0x0000000020000578        0xc lib/uart.o
 .bss           0x0000000020000584       0x7c lib/term.o
 .bss           0x0000000020000600       0x18 src/main.o
 .bss           0x0000000020000618        0x0 startup/startup_stm32f411xe.o
 .bss           0x0000000020000618      0x210 libshield/libshield.a(lcd_128x32.o)
 .bss           0x0000000020000828       0x40 lib/libstm32.a(io.o)
 .bss           0x0000000020000868        0x0 lib/libstm32.a(spi.o)
 .bss           0x0000000020000868       0x10 lib/libstm32.a(timer.o)
 .bss           0x0000000020000878        0x0 lib/libstm32.a(util.o)
 .bss           0x0000000020000878       0x80 lib/libstm32.a(dma.o)
 .bss           0x00000000200008f8        0x0 /usr/lib/gcc/arm-none-eabi/10.3.1/../../../arm-none-eabi/lib/thumb/v7e-m+fp/hard/libc.a(lib_a-atexit.o)
 .bss           0x00000000200008f8        0x0 /usr/lib/gcc/arm-none-eabi/10.3.1/../../../arm-none-eabi/lib/thumb/v7e-m+fp/hard/libc.a(lib_a-ctype_.o)
 .bss           0x00000000200008f8        0x0 /usr/lib/gcc/arm-none-eabi/10.3.1/../../../arm-none-eabi/lib/thumb/v7e-m+fp/hard/libc.a(lib_a-exit.o)
 .bss           0x00000000200008f8        0x0 /usr/lib/gcc/arm-none-eabi/10.3.1/../../../arm-none-eabi/lib/thumb/v7e-m+fp/hard/libc.a(lib_a-fini.o)
 .bss           0x00000000200008f8        0x0 /usr/lib/gcc/arm-none-eabi/10.3.1/../../../arm-none-eabi/lib/thumb/v7e-m+fp/hard/libc.a(lib_a-impure.o)
 .bss           0x00000000200008f8        0x0 /usr/lib/gcc/arm-none-eabi/10.3.1/../../../arm-none-eabi/lib/thumb/v7e-m+fp/hard/libc.a(lib_a-init.o)
 .bss           0x00000000200008f8        0x0 /usr/lib/gcc/arm-none-eabi/10.3.1/../../../arm-none-eabi/lib/thumb/v7e-m+fp/hard/libc.a(lib_a-memmove.o)
 .bss           0x00000000200008f8        0x0 /usr/lib/gcc/arm-none-eabi/10.3.1/../../../arm-none-eabi/lib/thumb/v7e-m+fp/hard/libc.a(lib_a-memset.o)
 .bss           0x00000000200008f8        0x0 /usr/lib/gcc/arm-none-eabi/10.3.1/../../../arm-none-eabi/lib/thumb/v7e-m+fp/hard/libc.a(lib_a-strcpy.o)
 .bss           0x00000000200008f8        0x0 /usr/lib/gcc/arm-none-eabi/10.3.1/../../../arm-none-eabi/lib/thumb/v7e-m+fp/hard/libc.a(lib_a-strlen.o)
 .bss           0x00000000200008f8        0x0 /usr/lib/gcc/arm-none-eabi/10.3.1/../../../arm-none-eabi/lib/thumb/v7e-m+fp/hard/libc.a(lib_a-__atexit.o)
 .bss           0x00000000200008f8        0x0 /usr/lib/gcc/arm-none-eabi/10.3.1/../../../arm-none-eabi/lib/thumb/v7e-m+fp/hard/libc.a(lib_a-__call_atexit.o)
 .bss           0x00000000200008f8        0x0 /usr/lib/gcc/arm-none-eabi/10.3.1/thumb/v7e-m+fp/hard/libgcc.a(_arm_addsubdf3.o)
 .bss           0x00000000200008f8        0x0 /usr/lib/gcc/arm-none-eabi/10.3.1/thumb/v7e-m+fp/hard/libgcc.a(_arm_fixdfsi.o)
 .bss           0x00000000200008f8        0x0 /usr/lib/gcc/arm-none-eabi/10.3.1/../../../arm-none-eabi/lib/thumb/v7e-m+fp/hard/libm.a(lib_a-s_fmax.o)
 .bss           0x00000000200008f8        0x0 /usr/lib/gcc/arm-none-eabi/10.3.1/../../../arm-none-eabi/lib/thumb/v7e-m+fp/hard/libm.a(lib_a-s_fmin.o)
 .bss           0x00000000200008f8        0x0 /usr/lib/gcc/arm-none-eabi/10.3.1/../../../arm-none-eabi/lib/thumb/v7e-m+fp/hard/libm.a(lib_a-s_fpclassify.o)
 .bss           0x00000000200008f8        0x0 /usr/lib/gcc/arm-none-eabi/10.3.1/thumb/v7e-m+fp/hard/libgcc.a(_arm_cmpdf2.o)
 .bss           0x00000000200008f8        0x0 /usr/lib/gcc/arm-none-eabi/10.3.1/thumb/v7e-m+fp/hard/crtend.o
 .bss           0x00000000200008f8        0x0 /usr/lib/gcc/arm-none-eabi/10.3.1/thumb/v7e-m+fp/hard/crtn.o
 *(.bss*)
 *(COMMON)
                0x00000000200008f8                . = ALIGN (0x4)
                0x00000000200008f8                _ebss = .
                0x00000000200008f8                __bss_end__ = _ebss

._user_heap_stack
                0x00000000200008f8      0x600 load address 0x000000000800500c
                0x00000000200008f8                . = ALIGN (0x4)
                [!provide]                        PROVIDE (end = .)
                [!provide]                        PROVIDE (_end = .)
                0x0000000020000af8                . = (. + _Min_Heap_Size)
 *fill*         0x00000000200008f8      0x200 
                0x0000000020000ef8                . = (. + _Min_Stack_Size)
 *fill*         0x0000000020000af8      0x400 
                0x0000000020000ef8                . = ALIGN (0x4)

/DISCARD/
 libc.a(*)
 libm.a(*)
 libgcc.a(*)

.ARM.attributes
                0x0000000000000000       0x30
 *(.ARM.attributes)
 .ARM.attributes
                0x0000000000000000       0x1e /usr/lib/gcc/arm-none-eabi/10.3.1/thumb/v7e-m+fp/hard/crti.o
 .ARM.attributes
                0x000000000000001e       0x34 /usr/lib/gcc/arm-none-eabi/10.3.1/thumb/v7e-m+fp/hard/crtbegin.o
 .ARM.attributes
                0x0000000000000052       0x1c /usr/lib/gcc/arm-none-eabi/10.3.1/../../../arm-none-eabi/lib/thumb/v7e-m+fp/hard/crt0.o
 .ARM.attributes
                0x000000000000006e       0x39 startup/stm32f411_periph.o
 .ARM.attributes
                0x00000000000000a7       0x34 startup/sys_handlers.o
 .ARM.attributes
                0x00000000000000db       0x34 startup/rcc.o
 .ARM.attributes
                0x000000000000010f       0x34 startup/system_stm32f4xx.o
 .ARM.attributes
                0x0000000000000143       0x34 lib/uart.o
 .ARM.attributes
                0x0000000000000177       0x34 lib/term.o
 .ARM.attributes
                0x00000000000001ab       0x34 src/main.o
 .ARM.attributes
                0x00000000000001df       0x21 startup/startup_stm32f411xe.o
 .ARM.attributes
                0x0000000000000200       0x34 libshield/libshield.a(lcd_128x32.o)
 .ARM.attributes
                0x0000000000000234       0x34 lib/libstm32.a(io.o)
 .ARM.attributes
                0x0000000000000268       0x34 lib/libstm32.a(spi.o)
 .ARM.attributes
                0x000000000000029c       0x34 lib/libstm32.a(timer.o)
 .ARM.attributes
                0x00000000000002d0       0x34 lib/libstm32.a(util.o)
 .ARM.attributes
                0x0000000000000304       0x34 lib/libstm32.a(dma.o)
 .ARM.attributes
                0x0000000000000338       0x34 /usr/lib/gcc/arm-none-eabi/10.3.1/../../../arm-none-eabi/lib/thumb/v7e-m+fp/hard/libc.a(lib_a-atexit.o)
 .ARM.attributes
                0x000000000000036c       0x32 /usr/lib/gcc/arm-none-eabi/10.3.1/../../../arm-none-eabi/lib/thumb/v7e-m+fp/hard/libc.a(lib_a-ctype_.o)
 .ARM.attributes
                0x000000000000039e       0x34 /usr/lib/gcc/arm-none-eabi/10.3.1/../../../arm-none-eabi/lib/thumb/v7e-m+fp/hard/libc.a(lib_a-exit.o)
 .ARM.attributes
                0x00000000000003d2       0x34 /usr/lib/gcc/arm-none-eabi/10.3.1/../../../arm-none-eabi/lib/thumb/v7e-m+fp/hard/libc.a(lib_a-fini.o)
 .ARM.attributes
                0x0000000000000406       0x32 /usr/lib/gcc/arm-none-eabi/10.3.1/../../../arm-none-eabi/lib/thumb/v7e-m+fp/hard/libc.a(lib_a-impure.o)
 .ARM.attributes
                0x0000000000000438       0x34 /usr/lib/gcc/arm-none-eabi/10.3.1/../../../arm-none-eabi/lib/thumb/v7e-m+fp/hard/libc.a(lib_a-init.o)
 .ARM.attributes
                0x000000000000046c       0x34 /usr/lib/gcc/arm-none-eabi/10.3.1/../../../arm-none-eabi/lib/thumb/v7e-m+fp/hard/libc.a(lib_a-memmove.o)
 .ARM.attributes
                0x00000000000004a0       0x34 /usr/lib/gcc/arm-none-eabi/10.3.1/../../../arm-none-eabi/lib/thumb/v7e-m+fp/hard/libc.a(lib_a-memset.o)
 .ARM.attributes
                0x00000000000004d4       0x34 /usr/lib/gcc/arm-none-eabi/10.3.1/../../../arm-none-eabi/lib/thumb/v7e-m+fp/hard/libc.a(lib_a-strcpy.o)
 .ARM.attributes
                0x0000000000000508       0x1c /usr/lib/gcc/arm-none-eabi/10.3.1/../../../arm-none-eabi/lib/thumb/v7e-m+fp/hard/libc.a(lib_a-strlen.o)
 .ARM.attributes
                0x0000000000000524       0x34 /usr/lib/gcc/arm-none-eabi/10.3.1/../../../arm-none-eabi/lib/thumb/v7e-m+fp/hard/libc.a(lib_a-__atexit.o)
 .ARM.attributes
                0x0000000000000558       0x34 /usr/lib/gcc/arm-none-eabi/10.3.1/../../../arm-none-eabi/lib/thumb/v7e-m+fp/hard/libc.a(lib_a-__call_atexit.o)
 .ARM.attributes
                0x000000000000058c       0x1e /usr/lib/gcc/arm-none-eabi/10.3.1/thumb/v7e-m+fp/hard/libgcc.a(_arm_addsubdf3.o)
 .ARM.attributes
                0x00000000000005aa       0x1e /usr/lib/gcc/arm-none-eabi/10.3.1/thumb/v7e-m+fp/hard/libgcc.a(_arm_fixdfsi.o)
 .ARM.attributes
                0x00000000000005c8       0x34 /usr/lib/gcc/arm-none-eabi/10.3.1/../../../arm-none-eabi/lib/thumb/v7e-m+fp/hard/libm.a(lib_a-s_fmax.o)
 .ARM.attributes
                0x00000000000005fc       0x34 /usr/lib/gcc/arm-none-eabi/10.3.1/../../../arm-none-eabi/lib/thumb/v7e-m+fp/hard/libm.a(lib_a-s_fmin.o)
 .ARM.attributes
                0x0000000000000630       0x34 /usr/lib/gcc/arm-none-eabi/10.3.1/../../../arm-none-eabi/lib/thumb/v7e-m+fp/hard/libm.a(lib_a-s_fpclassify.o)
 .ARM.attributes
                0x0000000000000664       0x1e /usr/lib/gcc/arm-none-eabi/10.3.1/thumb/v7e-m+fp/hard/libgcc.a(_arm_cmpdf2.o)
 .ARM.attributes
                0x0000000000000682       0x32 /usr/lib/gcc/arm-none-eabi/10.3.1/thumb/v7e-m+fp/hard/crtend.o
 .ARM.attributes
                0x00000000000006b4       0x1e /usr/lib/gcc/arm-none-eabi/10.3.1/thumb/v7e-m+fp/hard/crtn.o
OUTPUT(main.elf elf32-littlearm)
LOAD linker stubs
LOAD /usr/lib/gcc/arm-none-eabi/10.3.1/../../../arm-none-eabi/lib/thumb/v7e-m+fp/hard/libc.a
LOAD /usr/lib/gcc/arm-none-eabi/10.3.1/../../../arm-none-eabi/lib/thumb/v7e-m+fp/hard/libm.a
LOAD /usr/lib/gcc/arm-none-eabi/10.3.1/thumb/v7e-m+fp/hard/libgcc.a

.comment        0x0000000000000000       0x7c
 .comment       0x0000000000000000       0x33 /usr/lib/gcc/arm-none-eabi/10.3.1/thumb/v7e-m+fp/hard/crtbegin.o
                                         0x34 (size before relaxing)
 .comment       0x0000000000000033       0x34 startup/stm32f411_periph.o
 .comment       0x0000000000000033       0x34 startup/sys_handlers.o
 .comment       0x0000000000000033       0x34 startup/rcc.o
 .comment       0x0000000000000033       0x34 startup/system_stm32f4xx.o
 .comment       0x0000000000000033       0x34 lib/uart.o
 .comment       0x0000000000000033       0x34 lib/term.o
 .comment       0x0000000000000033       0x34 src/main.o
 .comment       0x0000000000000033       0x49 libshield/libshield.a(lcd_128x32.o)
                                         0x4a (size before relaxing)
 .comment       0x000000000000007c       0x4a lib/libstm32.a(io.o)
 .comment       0x000000000000007c       0x4a lib/libstm32.a(spi.o)
 .comment       0x000000000000007c       0x4a lib/libstm32.a(timer.o)
 .comment       0x000000000000007c       0x4a lib/libstm32.a(util.o)
 .comment       0x000000000000007c       0x4a lib/libstm32.a(dma.o)
 .comment       0x000000000000007c       0x34 /usr/lib/gcc/arm-none-eabi/10.3.1/../../../arm-none-eabi/lib/thumb/v7e-m+fp/hard/libc.a(lib_a-atexit.o)
 .comment       0x000000000000007c       0x34 /usr/lib/gcc/arm-none-eabi/10.3.1/../../../arm-none-eabi/lib/thumb/v7e-m+fp/hard/libc.a(lib_a-ctype_.o)
 .comment       0x000000000000007c       0x34 /usr/lib/gcc/arm-none-eabi/10.3.1/../../../arm-none-eabi/lib/thumb/v7e-m+fp/hard/libc.a(lib_a-exit.o)
 .comment       0x000000000000007c       0x34 /usr/lib/gcc/arm-none-eabi/10.3.1/../../../arm-none-eabi/lib/thumb/v7e-m+fp/hard/libc.a(lib_a-fini.o)
 .comment       0x000000000000007c       0x34 /usr/lib/gcc/arm-none-eabi/10.3.1/../../../arm-none-eabi/lib/thumb/v7e-m+fp/hard/libc.a(lib_a-impure.o)
 .comment       0x000000000000007c       0x34 /usr/lib/gcc/arm-none-eabi/10.3.1/../../../arm-none-eabi/lib/thumb/v7e-m+fp/hard/libc.a(lib_a-init.o)
 .comment       0x000000000000007c       0x34 /usr/lib/gcc/arm-none-eabi/10.3.1/../../../arm-none-eabi/lib/thumb/v7e-m+fp/hard/libc.a(lib_a-memmove.o)
 .comment       0x000000000000007c       0x34 /usr/lib/gcc/arm-none-eabi/10.3.1/../../../arm-none-eabi/lib/thumb/v7e-m+fp/hard/libc.a(lib_a-memset.o)
 .comment       0x000000000000007c       0x34 /usr/lib/gcc/arm-none-eabi/10.3.1/../../../arm-none-eabi/lib/thumb/v7e-m+fp/hard/libc.a(lib_a-strcpy.o)
 .comment       0x000000000000007c       0x34 /usr/lib/gcc/arm-none-eabi/10.3.1/../../../arm-none-eabi/lib/thumb/v7e-m+fp/hard/libc.a(lib_a-__atexit.o)
 .comment       0x000000000000007c       0x34 /usr/lib/gcc/arm-none-eabi/10.3.1/../../../arm-none-eabi/lib/thumb/v7e-m+fp/hard/libc.a(lib_a-__call_atexit.o)
 .comment       0x000000000000007c       0x34 /usr/lib/gcc/arm-none-eabi/10.3.1/../../../arm-none-eabi/lib/thumb/v7e-m+fp/hard/libm.a(lib_a-s_fmax.o)
 .comment       0x000000000000007c       0x34 /usr/lib/gcc/arm-none-eabi/10.3.1/../../../arm-none-eabi/lib/thumb/v7e-m+fp/hard/libm.a(lib_a-s_fmin.o)
 .comment       0x000000000000007c       0x34 /usr/lib/gcc/arm-none-eabi/10.3.1/../../../arm-none-eabi/lib/thumb/v7e-m+fp/hard/libm.a(lib_a-s_fpclassify.o)
 .comment       0x000000000000007c       0x34 /usr/lib/gcc/arm-none-eabi/10.3.1/thumb/v7e-m+fp/hard/crtend.o

.debug_line     0x0000000000000000     0x298e
 .debug_line    0x0000000000000000       0x87 /usr/lib/gcc/arm-none-eabi/10.3.1/../../../arm-none-eabi/lib/thumb/v7e-m+fp/hard/crt0.o
 .debug_line    0x0000000000000087       0xb5 startup/stm32f411_periph.o
 .debug_line    0x000000000000013c       0x81 startup/sys_handlers.o
 .debug_line    0x00000000000001bd      0x3cf startup/rcc.o
 .debug_line    0x000000000000058c      0x185 startup/system_stm32f4xx.o
 .debug_line    0x0000000000000711      0x3b8 lib/uart.o
 .debug_line    0x0000000000000ac9      0x620 lib/term.o
 .debug_line    0x00000000000010e9      0x359 src/main.o
 .debug_line    0x0000000000001442       0x79 startup/startup_stm32f411xe.o
 .debug_line    0x00000000000014bb       0xc0 /usr/lib/gcc/arm-none-eabi/10.3.1/../../../arm-none-eabi/lib/thumb/v7e-m+fp/hard/libc.a(lib_a-atexit.o)
 .debug_line    0x000000000000157b       0x5e /usr/lib/gcc/arm-none-eabi/10.3.1/../../../arm-none-eabi/lib/thumb/v7e-m+fp/hard/libc.a(lib_a-ctype_.o)
 .debug_line    0x00000000000015d9      0x179 /usr/lib/gcc/arm-none-eabi/10.3.1/../../../arm-none-eabi/lib/thumb/v7e-m+fp/hard/libc.a(lib_a-exit.o)
 .debug_line    0x0000000000001752       0xed /usr/lib/gcc/arm-none-eabi/10.3.1/../../../arm-none-eabi/lib/thumb/v7e-m+fp/hard/libc.a(lib_a-fini.o)
 .debug_line    0x000000000000183f       0xe4 /usr/lib/gcc/arm-none-eabi/10.3.1/../../../arm-none-eabi/lib/thumb/v7e-m+fp/hard/libc.a(lib_a-impure.o)
 .debug_line    0x0000000000001923      0x138 /usr/lib/gcc/arm-none-eabi/10.3.1/../../../arm-none-eabi/lib/thumb/v7e-m+fp/hard/libc.a(lib_a-init.o)
 .debug_line    0x0000000000001a5b      0x1ee /usr/lib/gcc/arm-none-eabi/10.3.1/../../../arm-none-eabi/lib/thumb/v7e-m+fp/hard/libc.a(lib_a-memmove.o)
 .debug_line    0x0000000000001c49      0x1bf /usr/lib/gcc/arm-none-eabi/10.3.1/../../../arm-none-eabi/lib/thumb/v7e-m+fp/hard/libc.a(lib_a-memset.o)
 .debug_line    0x0000000000001e08       0xb9 /usr/lib/gcc/arm-none-eabi/10.3.1/../../../arm-none-eabi/lib/thumb/v7e-m+fp/hard/libc.a(lib_a-strcpy.o)
 .debug_line    0x0000000000001ec1       0xaf /usr/lib/gcc/arm-none-eabi/10.3.1/../../../arm-none-eabi/lib/thumb/v7e-m+fp/hard/libc.a(lib_a-strlen.o)
 .debug_line    0x0000000000001f70      0x19e /usr/lib/gcc/arm-none-eabi/10.3.1/../../../arm-none-eabi/lib/thumb/v7e-m+fp/hard/libc.a(lib_a-__atexit.o)
 .debug_line    0x000000000000210e      0x28d /usr/lib/gcc/arm-none-eabi/10.3.1/../../../arm-none-eabi/lib/thumb/v7e-m+fp/hard/libc.a(lib_a-__call_atexit.o)
 .debug_line    0x000000000000239b      0x186 /usr/lib/gcc/arm-none-eabi/10.3.1/thumb/v7e-m+fp/hard/libgcc.a(_arm_addsubdf3.o)
 .debug_line    0x0000000000002521       0x79 /usr/lib/gcc/arm-none-eabi/10.3.1/thumb/v7e-m+fp/hard/libgcc.a(_arm_fixdfsi.o)
 .debug_line    0x000000000000259a       0xe1 /usr/lib/gcc/arm-none-eabi/10.3.1/../../../arm-none-eabi/lib/thumb/v7e-m+fp/hard/libm.a(lib_a-s_fmax.o)
 .debug_line    0x000000000000267b       0xe1 /usr/lib/gcc/arm-none-eabi/10.3.1/../../../arm-none-eabi/lib/thumb/v7e-m+fp/hard/libm.a(lib_a-s_fmin.o)
 .debug_line    0x000000000000275c      0x175 /usr/lib/gcc/arm-none-eabi/10.3.1/../../../arm-none-eabi/lib/thumb/v7e-m+fp/hard/libm.a(lib_a-s_fpclassify.o)
 .debug_line    0x00000000000028d1       0xbd /usr/lib/gcc/arm-none-eabi/10.3.1/thumb/v7e-m+fp/hard/libgcc.a(_arm_cmpdf2.o)

.debug_info     0x0000000000000000     0x7bca
 .debug_info    0x0000000000000000       0x26 /usr/lib/gcc/arm-none-eabi/10.3.1/../../../arm-none-eabi/lib/thumb/v7e-m+fp/hard/crt0.o
 .debug_info    0x0000000000000026     0x2311 startup/stm32f411_periph.o
 .debug_info    0x0000000000002337      0x115 startup/sys_handlers.o
 .debug_info    0x000000000000244c      0x675 startup/rcc.o
 .debug_info    0x0000000000002ac1      0x568 startup/system_stm32f4xx.o
 .debug_info    0x0000000000003029      0xc67 lib/uart.o
 .debug_info    0x0000000000003c90      0x8a0 lib/term.o
 .debug_info    0x0000000000004530      0x4b7 src/main.o
 .debug_info    0x00000000000049e7       0x22 startup/startup_stm32f411xe.o
 .debug_info    0x0000000000004a09      0x100 /usr/lib/gcc/arm-none-eabi/10.3.1/../../../arm-none-eabi/lib/thumb/v7e-m+fp/hard/libc.a(lib_a-atexit.o)
 .debug_info    0x0000000000004b09       0xb8 /usr/lib/gcc/arm-none-eabi/10.3.1/../../../arm-none-eabi/lib/thumb/v7e-m+fp/hard/libc.a(lib_a-ctype_.o)
 .debug_info    0x0000000000004bc1      0x969 /usr/lib/gcc/arm-none-eabi/10.3.1/../../../arm-none-eabi/lib/thumb/v7e-m+fp/hard/libc.a(lib_a-exit.o)
 .debug_info    0x000000000000552a      0x102 /usr/lib/gcc/arm-none-eabi/10.3.1/../../../arm-none-eabi/lib/thumb/v7e-m+fp/hard/libc.a(lib_a-fini.o)
 .debug_info    0x000000000000562c      0x92a /usr/lib/gcc/arm-none-eabi/10.3.1/../../../arm-none-eabi/lib/thumb/v7e-m+fp/hard/libc.a(lib_a-impure.o)
 .debug_info    0x0000000000005f56      0x11a /usr/lib/gcc/arm-none-eabi/10.3.1/../../../arm-none-eabi/lib/thumb/v7e-m+fp/hard/libc.a(lib_a-init.o)
 .debug_info    0x0000000000006070      0x152 /usr/lib/gcc/arm-none-eabi/10.3.1/../../../arm-none-eabi/lib/thumb/v7e-m+fp/hard/libc.a(lib_a-memmove.o)
 .debug_info    0x00000000000061c2      0x137 /usr/lib/gcc/arm-none-eabi/10.3.1/../../../arm-none-eabi/lib/thumb/v7e-m+fp/hard/libc.a(lib_a-memset.o)
 .debug_info    0x00000000000062f9       0xc4 /usr/lib/gcc/arm-none-eabi/10.3.1/../../../arm-none-eabi/lib/thumb/v7e-m+fp/hard/libc.a(lib_a-strcpy.o)
 .debug_info    0x00000000000063bd       0x26 /usr/lib/gcc/arm-none-eabi/10.3.1/../../../arm-none-eabi/lib/thumb/v7e-m+fp/hard/libc.a(lib_a-strlen.o)
 .debug_info    0x00000000000063e3      0x9b0 /usr/lib/gcc/arm-none-eabi/10.3.1/../../../arm-none-eabi/lib/thumb/v7e-m+fp/hard/libc.a(lib_a-__atexit.o)
 .debug_info    0x0000000000006d93      0xa3d /usr/lib/gcc/arm-none-eabi/10.3.1/../../../arm-none-eabi/lib/thumb/v7e-m+fp/hard/libc.a(lib_a-__call_atexit.o)
 .debug_info    0x00000000000077d0       0x26 /usr/lib/gcc/arm-none-eabi/10.3.1/thumb/v7e-m+fp/hard/libgcc.a(_arm_addsubdf3.o)
 .debug_info    0x00000000000077f6       0x26 /usr/lib/gcc/arm-none-eabi/10.3.1/thumb/v7e-m+fp/hard/libgcc.a(_arm_fixdfsi.o)
 .debug_info    0x000000000000781c      0x11e /usr/lib/gcc/arm-none-eabi/10.3.1/../../../arm-none-eabi/lib/thumb/v7e-m+fp/hard/libm.a(lib_a-s_fmax.o)
 .debug_info    0x000000000000793a      0x11e /usr/lib/gcc/arm-none-eabi/10.3.1/../../../arm-none-eabi/lib/thumb/v7e-m+fp/hard/libm.a(lib_a-s_fmin.o)
 .debug_info    0x0000000000007a58      0x14c /usr/lib/gcc/arm-none-eabi/10.3.1/../../../arm-none-eabi/lib/thumb/v7e-m+fp/hard/libm.a(lib_a-s_fpclassify.o)
 .debug_info    0x0000000000007ba4       0x26 /usr/lib/gcc/arm-none-eabi/10.3.1/thumb/v7e-m+fp/hard/libgcc.a(_arm_cmpdf2.o)

.debug_abbrev   0x0000000000000000     0x1be2
 .debug_abbrev  0x0000000000000000       0x14 /usr/lib/gcc/arm-none-eabi/10.3.1/../../../arm-none-eabi/lib/thumb/v7e-m+fp/hard/crt0.o
 .debug_abbrev  0x0000000000000014      0x15c startup/stm32f411_periph.o
 .debug_abbrev  0x0000000000000170       0x44 startup/sys_handlers.o
 .debug_abbrev  0x00000000000001b4      0x1da startup/rcc.o
 .debug_abbrev  0x000000000000038e      0x142 startup/system_stm32f4xx.o
 .debug_abbrev  0x00000000000004d0      0x278 lib/uart.o
 .debug_abbrev  0x0000000000000748      0x2db lib/term.o
 .debug_abbrev  0x0000000000000a23      0x1e7 src/main.o
 .debug_abbrev  0x0000000000000c0a       0x12 startup/startup_stm32f411xe.o
 .debug_abbrev  0x0000000000000c1c       0xb7 /usr/lib/gcc/arm-none-eabi/10.3.1/../../../arm-none-eabi/lib/thumb/v7e-m+fp/hard/libc.a(lib_a-atexit.o)
 .debug_abbrev  0x0000000000000cd3       0x62 /usr/lib/gcc/arm-none-eabi/10.3.1/../../../arm-none-eabi/lib/thumb/v7e-m+fp/hard/libc.a(lib_a-ctype_.o)
 .debug_abbrev  0x0000000000000d35      0x20c /usr/lib/gcc/arm-none-eabi/10.3.1/../../../arm-none-eabi/lib/thumb/v7e-m+fp/hard/libc.a(lib_a-exit.o)
 .debug_abbrev  0x0000000000000f41       0xcf /usr/lib/gcc/arm-none-eabi/10.3.1/../../../arm-none-eabi/lib/thumb/v7e-m+fp/hard/libc.a(lib_a-fini.o)
 .debug_abbrev  0x0000000000001010      0x1b8 /usr/lib/gcc/arm-none-eabi/10.3.1/../../../arm-none-eabi/lib/thumb/v7e-m+fp/hard/libc.a(lib_a-impure.o)
 .debug_abbrev  0x00000000000011c8       0xcc /usr/lib/gcc/arm-none-eabi/10.3.1/../../../arm-none-eabi/lib/thumb/v7e-m+fp/hard/libc.a(lib_a-init.o)
 .debug_abbrev  0x0000000000001294       0xc0 /usr/lib/gcc/arm-none-eabi/10.3.1/../../../arm-none-eabi/lib/thumb/v7e-m+fp/hard/libc.a(lib_a-memmove.o)
 .debug_abbrev  0x0000000000001354       0xb4 /usr/lib/gcc/arm-none-eabi/10.3.1/../../../arm-none-eabi/lib/thumb/v7e-m+fp/hard/libc.a(lib_a-memset.o)
 .debug_abbrev  0x0000000000001408       0x7b /usr/lib/gcc/arm-none-eabi/10.3.1/../../../arm-none-eabi/lib/thumb/v7e-m+fp/hard/libc.a(lib_a-strcpy.o)
 .debug_abbrev  0x0000000000001483       0x14 /usr/lib/gcc/arm-none-eabi/10.3.1/../../../arm-none-eabi/lib/thumb/v7e-m+fp/hard/libc.a(lib_a-strlen.o)
 .debug_abbrev  0x0000000000001497      0x23f /usr/lib/gcc/arm-none-eabi/10.3.1/../../../arm-none-eabi/lib/thumb/v7e-m+fp/hard/libc.a(lib_a-__atexit.o)
 .debug_abbrev  0x00000000000016d6      0x2b2 /usr/lib/gcc/arm-none-eabi/10.3.1/../../../arm-none-eabi/lib/thumb/v7e-m+fp/hard/libc.a(lib_a-__call_atexit.o)
 .debug_abbrev  0x0000000000001988       0x14 /usr/lib/gcc/arm-none-eabi/10.3.1/thumb/v7e-m+fp/hard/libgcc.a(_arm_addsubdf3.o)
 .debug_abbrev  0x000000000000199c       0x14 /usr/lib/gcc/arm-none-eabi/10.3.1/thumb/v7e-m+fp/hard/libgcc.a(_arm_fixdfsi.o)
 .debug_abbrev  0x00000000000019b0       0xa0 /usr/lib/gcc/arm-none-eabi/10.3.1/../../../arm-none-eabi/lib/thumb/v7e-m+fp/hard/libm.a(lib_a-s_fmax.o)
 .debug_abbrev  0x0000000000001a50       0xa0 /usr/lib/gcc/arm-none-eabi/10.3.1/../../../arm-none-eabi/lib/thumb/v7e-m+fp/hard/libm.a(lib_a-s_fmin.o)
 .debug_abbrev  0x0000000000001af0       0xde /usr/lib/gcc/arm-none-eabi/10.3.1/../../../arm-none-eabi/lib/thumb/v7e-m+fp/hard/libm.a(lib_a-s_fpclassify.o)
 .debug_abbrev  0x0000000000001bce       0x14 /usr/lib/gcc/arm-none-eabi/10.3.1/thumb/v7e-m+fp/hard/libgcc.a(_arm_cmpdf2.o)

.debug_aranges  0x0000000000000000      0x358
 .debug_aranges
                0x0000000000000000       0x20 /usr/lib/gcc/arm-none-eabi/10.3.1/../../../arm-none-eabi/lib/thumb/v7e-m+fp/hard/crt0.o
 .debug_aranges
                0x0000000000000020       0x18 startup/stm32f411_periph.o
 .debug_aranges
                0x0000000000000038       0x20 startup/sys_handlers.o
 .debug_aranges
                0x0000000000000058       0x20 startup/rcc.o
 .debug_aranges
                0x0000000000000078       0x20 startup/system_stm32f4xx.o
 .debug_aranges
                0x0000000000000098       0x20 lib/uart.o
 .debug_aranges
                0x00000000000000b8       0x20 lib/term.o
 .debug_aranges
                0x00000000000000d8       0x20 src/main.o
 .debug_aranges
                0x00000000000000f8       0x28 startup/startup_stm32f411xe.o
 .debug_aranges
                0x0000000000000120       0x20 /usr/lib/gcc/arm-none-eabi/10.3.1/../../../arm-none-eabi/lib/thumb/v7e-m+fp/hard/libc.a(lib_a-atexit.o)
 .debug_aranges
                0x0000000000000140       0x18 /usr/lib/gcc/arm-none-eabi/10.3.1/../../../arm-none-eabi/lib/thumb/v7e-m+fp/hard/libc.a(lib_a-ctype_.o)
 .debug_aranges
                0x0000000000000158       0x20 /usr/lib/gcc/arm-none-eabi/10.3.1/../../../arm-none-eabi/lib/thumb/v7e-m+fp/hard/libc.a(lib_a-exit.o)
 .debug_aranges
                0x0000000000000178       0x20 /usr/lib/gcc/arm-none-eabi/10.3.1/../../../arm-none-eabi/lib/thumb/v7e-m+fp/hard/libc.a(lib_a-fini.o)
 .debug_aranges
                0x0000000000000198       0x18 /usr/lib/gcc/arm-none-eabi/10.3.1/../../../arm-none-eabi/lib/thumb/v7e-m+fp/hard/libc.a(lib_a-impure.o)
 .debug_aranges
                0x00000000000001b0       0x20 /usr/lib/gcc/arm-none-eabi/10.3.1/../../../arm-none-eabi/lib/thumb/v7e-m+fp/hard/libc.a(lib_a-init.o)
 .debug_aranges
                0x00000000000001d0       0x20 /usr/lib/gcc/arm-none-eabi/10.3.1/../../../arm-none-eabi/lib/thumb/v7e-m+fp/hard/libc.a(lib_a-memmove.o)
 .debug_aranges
                0x00000000000001f0       0x20 /usr/lib/gcc/arm-none-eabi/10.3.1/../../../arm-none-eabi/lib/thumb/v7e-m+fp/hard/libc.a(lib_a-memset.o)
 .debug_aranges
                0x0000000000000210       0x20 /usr/lib/gcc/arm-none-eabi/10.3.1/../../../arm-none-eabi/lib/thumb/v7e-m+fp/hard/libc.a(lib_a-strcpy.o)
 .debug_aranges
                0x0000000000000230       0x20 /usr/lib/gcc/arm-none-eabi/10.3.1/../../../arm-none-eabi/lib/thumb/v7e-m+fp/hard/libc.a(lib_a-strlen.o)
 .debug_aranges
                0x0000000000000250       0x20 /usr/lib/gcc/arm-none-eabi/10.3.1/../../../arm-none-eabi/lib/thumb/v7e-m+fp/hard/libc.a(lib_a-__atexit.o)
 .debug_aranges
                0x0000000000000270       0x28 /usr/lib/gcc/arm-none-eabi/10.3.1/../../../arm-none-eabi/lib/thumb/v7e-m+fp/hard/libc.a(lib_a-__call_atexit.o)
 .debug_aranges
                0x0000000000000298       0x20 /usr/lib/gcc/arm-none-eabi/10.3.1/thumb/v7e-m+fp/hard/libgcc.a(_arm_addsubdf3.o)
 .debug_aranges
                0x00000000000002b8       0x20 /usr/lib/gcc/arm-none-eabi/10.3.1/thumb/v7e-m+fp/hard/libgcc.a(_arm_fixdfsi.o)
 .debug_aranges
                0x00000000000002d8       0x20 /usr/lib/gcc/arm-none-eabi/10.3.1/../../../arm-none-eabi/lib/thumb/v7e-m+fp/hard/libm.a(lib_a-s_fmax.o)
 .debug_aranges
                0x00000000000002f8       0x20 /usr/lib/gcc/arm-none-eabi/10.3.1/../../../arm-none-eabi/lib/thumb/v7e-m+fp/hard/libm.a(lib_a-s_fmin.o)
 .debug_aranges
                0x0000000000000318       0x20 /usr/lib/gcc/arm-none-eabi/10.3.1/../../../arm-none-eabi/lib/thumb/v7e-m+fp/hard/libm.a(lib_a-s_fpclassify.o)
 .debug_aranges
                0x0000000000000338       0x20 /usr/lib/gcc/arm-none-eabi/10.3.1/thumb/v7e-m+fp/hard/libgcc.a(_arm_cmpdf2.o)

.debug_str      0x0000000000000000     0x247d
 .debug_str     0x0000000000000000       0x98 /usr/lib/gcc/arm-none-eabi/10.3.1/../../../arm-none-eabi/lib/thumb/v7e-m+fp/hard/crt0.o
 .debug_str     0x0000000000000098      0xbe1 startup/stm32f411_periph.o
                                        0xc4e (size before relaxing)
 .debug_str     0x0000000000000c79       0xa7 startup/sys_handlers.o
                                        0x1f5 (size before relaxing)
 .debug_str     0x0000000000000d20      0x22d startup/rcc.o
                                        0x4f6 (size before relaxing)
 .debug_str     0x0000000000000f4d       0x79 startup/system_stm32f4xx.o
                                        0x40c (size before relaxing)
 .debug_str     0x0000000000000fc6      0x4b0 lib/uart.o
                                        0x8ad (size before relaxing)
 .debug_str     0x0000000000001476      0x1e3 lib/term.o
                                        0x39c (size before relaxing)
 .debug_str     0x0000000000001659      0x107 src/main.o
                                        0x28e (size before relaxing)
 .debug_str     0x0000000000001760       0x2a startup/startup_stm32f411xe.o
                                         0x57 (size before relaxing)
 .debug_str     0x000000000000178a      0x154 /usr/lib/gcc/arm-none-eabi/10.3.1/../../../arm-none-eabi/lib/thumb/v7e-m+fp/hard/libc.a(lib_a-atexit.o)
                                        0x1e4 (size before relaxing)
 .debug_str     0x00000000000018de       0x8f /usr/lib/gcc/arm-none-eabi/10.3.1/../../../arm-none-eabi/lib/thumb/v7e-m+fp/hard/libc.a(lib_a-ctype_.o)
                                        0x19f (size before relaxing)
 .debug_str     0x000000000000196d      0x406 /usr/lib/gcc/arm-none-eabi/10.3.1/../../../arm-none-eabi/lib/thumb/v7e-m+fp/hard/libc.a(lib_a-exit.o)
                                        0x58b (size before relaxing)
 .debug_str     0x0000000000001d73       0xc8 /usr/lib/gcc/arm-none-eabi/10.3.1/../../../arm-none-eabi/lib/thumb/v7e-m+fp/hard/libc.a(lib_a-fini.o)
                                        0x1dc (size before relaxing)
 .debug_str     0x0000000000001e3b       0x9b /usr/lib/gcc/arm-none-eabi/10.3.1/../../../arm-none-eabi/lib/thumb/v7e-m+fp/hard/libc.a(lib_a-impure.o)
                                        0x582 (size before relaxing)
 .debug_str     0x0000000000001ed6       0x90 /usr/lib/gcc/arm-none-eabi/10.3.1/../../../arm-none-eabi/lib/thumb/v7e-m+fp/hard/libc.a(lib_a-init.o)
                                        0x206 (size before relaxing)
 .debug_str     0x0000000000001f66       0xc4 /usr/lib/gcc/arm-none-eabi/10.3.1/../../../arm-none-eabi/lib/thumb/v7e-m+fp/hard/libc.a(lib_a-memmove.o)
                                        0x1da (size before relaxing)
 .debug_str     0x000000000000202a       0x48 /usr/lib/gcc/arm-none-eabi/10.3.1/../../../arm-none-eabi/lib/thumb/v7e-m+fp/hard/libc.a(lib_a-memset.o)
                                        0x1bb (size before relaxing)
 .debug_str     0x0000000000002072       0xa5 /usr/lib/gcc/arm-none-eabi/10.3.1/../../../arm-none-eabi/lib/thumb/v7e-m+fp/hard/libc.a(lib_a-strcpy.o)
                                        0x1ad (size before relaxing)
 .debug_str     0x0000000000002117       0x42 /usr/lib/gcc/arm-none-eabi/10.3.1/../../../arm-none-eabi/lib/thumb/v7e-m+fp/hard/libc.a(lib_a-strlen.o)
                                         0xb0 (size before relaxing)
 .debug_str     0x0000000000002159       0x36 /usr/lib/gcc/arm-none-eabi/10.3.1/../../../arm-none-eabi/lib/thumb/v7e-m+fp/hard/libc.a(lib_a-__atexit.o)
                                        0x5bc (size before relaxing)
 .debug_str     0x000000000000218f       0x7c /usr/lib/gcc/arm-none-eabi/10.3.1/../../../arm-none-eabi/lib/thumb/v7e-m+fp/hard/libc.a(lib_a-__call_atexit.o)
                                        0x5e8 (size before relaxing)
 .debug_str     0x000000000000220b       0x9f /usr/lib/gcc/arm-none-eabi/10.3.1/thumb/v7e-m+fp/hard/libgcc.a(_arm_addsubdf3.o)
                                         0xab (size before relaxing)
 .debug_str     0x00000000000022aa       0xab /usr/lib/gcc/arm-none-eabi/10.3.1/thumb/v7e-m+fp/hard/libgcc.a(_arm_fixdfsi.o)
 .debug_str     0x00000000000022aa      0x134 /usr/lib/gcc/arm-none-eabi/10.3.1/../../../arm-none-eabi/lib/thumb/v7e-m+fp/hard/libm.a(lib_a-s_fmax.o)
                                        0x1d5 (size before relaxing)
 .debug_str     0x00000000000023de       0x43 /usr/lib/gcc/arm-none-eabi/10.3.1/../../../arm-none-eabi/lib/thumb/v7e-m+fp/hard/libm.a(lib_a-s_fmin.o)
                                        0x1d5 (size before relaxing)
 .debug_str     0x0000000000002421       0x5c /usr/lib/gcc/arm-none-eabi/10.3.1/../../../arm-none-eabi/lib/thumb/v7e-m+fp/hard/libm.a(lib_a-s_fpclassify.o)
                                        0x1fa (size before relaxing)
 .debug_str     0x000000000000247d       0xab /usr/lib/gcc/arm-none-eabi/10.3.1/thumb/v7e-m+fp/hard/libgcc.a(_arm_cmpdf2.o)

.debug_frame    0x0000000000000000      0xd18
 .debug_frame   0x0000000000000000      0x110 startup/sys_handlers.o
 .debug_frame   0x0000000000000110       0xd0 startup/rcc.o
 .debug_frame   0x00000000000001e0       0x54 startup/system_stm32f4xx.o
 .debug_frame   0x0000000000000234      0x1c8 lib/uart.o
 .debug_frame   0x00000000000003fc      0x3d0 lib/term.o
 .debug_frame   0x00000000000007cc      0x144 src/main.o
 .debug_frame   0x0000000000000910       0x20 /usr/lib/gcc/arm-none-eabi/10.3.1/../../../arm-none-eabi/lib/thumb/v7e-m+fp/hard/libc.a(lib_a-atexit.o)
 .debug_frame   0x0000000000000930       0x28 /usr/lib/gcc/arm-none-eabi/10.3.1/../../../arm-none-eabi/lib/thumb/v7e-m+fp/hard/libc.a(lib_a-exit.o)
 .debug_frame   0x0000000000000958       0x34 /usr/lib/gcc/arm-none-eabi/10.3.1/../../../arm-none-eabi/lib/thumb/v7e-m+fp/hard/libc.a(lib_a-fini.o)
 .debug_frame   0x000000000000098c       0x2c /usr/lib/gcc/arm-none-eabi/10.3.1/../../../arm-none-eabi/lib/thumb/v7e-m+fp/hard/libc.a(lib_a-init.o)
 .debug_frame   0x00000000000009b8       0x40 /usr/lib/gcc/arm-none-eabi/10.3.1/../../../arm-none-eabi/lib/thumb/v7e-m+fp/hard/libc.a(lib_a-memmove.o)
 .debug_frame   0x00000000000009f8       0x2c /usr/lib/gcc/arm-none-eabi/10.3.1/../../../arm-none-eabi/lib/thumb/v7e-m+fp/hard/libc.a(lib_a-memset.o)
 .debug_frame   0x0000000000000a24       0x20 /usr/lib/gcc/arm-none-eabi/10.3.1/../../../arm-none-eabi/lib/thumb/v7e-m+fp/hard/libc.a(lib_a-strcpy.o)
 .debug_frame   0x0000000000000a44       0x34 /usr/lib/gcc/arm-none-eabi/10.3.1/../../../arm-none-eabi/lib/thumb/v7e-m+fp/hard/libc.a(lib_a-__atexit.o)
 .debug_frame   0x0000000000000a78       0x5c /usr/lib/gcc/arm-none-eabi/10.3.1/../../../arm-none-eabi/lib/thumb/v7e-m+fp/hard/libc.a(lib_a-__call_atexit.o)
 .debug_frame   0x0000000000000ad4       0xac /usr/lib/gcc/arm-none-eabi/10.3.1/thumb/v7e-m+fp/hard/libgcc.a(_arm_addsubdf3.o)
 .debug_frame   0x0000000000000b80       0x24 /usr/lib/gcc/arm-none-eabi/10.3.1/thumb/v7e-m+fp/hard/libgcc.a(_arm_fixdfsi.o)
 .debug_frame   0x0000000000000ba4       0x48 /usr/lib/gcc/arm-none-eabi/10.3.1/../../../arm-none-eabi/lib/thumb/v7e-m+fp/hard/libm.a(lib_a-s_fmax.o)
 .debug_frame   0x0000000000000bec       0x48 /usr/lib/gcc/arm-none-eabi/10.3.1/../../../arm-none-eabi/lib/thumb/v7e-m+fp/hard/libm.a(lib_a-s_fmin.o)
 .debug_frame   0x0000000000000c34       0x20 /usr/lib/gcc/arm-none-eabi/10.3.1/../../../arm-none-eabi/lib/thumb/v7e-m+fp/hard/libm.a(lib_a-s_fpclassify.o)
 .debug_frame   0x0000000000000c54       0xc4 /usr/lib/gcc/arm-none-eabi/10.3.1/thumb/v7e-m+fp/hard/libgcc.a(_arm_cmpdf2.o)

.debug_ranges   0x0000000000000000       0x80
 .debug_ranges  0x0000000000000000       0x20 startup/startup_stm32f411xe.o
 .debug_ranges  0x0000000000000020       0x10 /usr/lib/gcc/arm-none-eabi/10.3.1/../../../arm-none-eabi/lib/thumb/v7e-m+fp/hard/libc.a(lib_a-strcpy.o)
 .debug_ranges  0x0000000000000030       0x50 /usr/lib/gcc/arm-none-eabi/10.3.1/../../../arm-none-eabi/lib/thumb/v7e-m+fp/hard/libc.a(lib_a-__call_atexit.o)

.debug_loc      0x0000000000000000      0xce3
 .debug_loc     0x0000000000000000       0x32 /usr/lib/gcc/arm-none-eabi/10.3.1/../../../arm-none-eabi/lib/thumb/v7e-m+fp/hard/libc.a(lib_a-atexit.o)
 .debug_loc     0x0000000000000032       0x22 /usr/lib/gcc/arm-none-eabi/10.3.1/../../../arm-none-eabi/lib/thumb/v7e-m+fp/hard/libc.a(lib_a-exit.o)
 .debug_loc     0x0000000000000054       0x68 /usr/lib/gcc/arm-none-eabi/10.3.1/../../../arm-none-eabi/lib/thumb/v7e-m+fp/hard/libc.a(lib_a-fini.o)
 .debug_loc     0x00000000000000bc       0xba /usr/lib/gcc/arm-none-eabi/10.3.1/../../../arm-none-eabi/lib/thumb/v7e-m+fp/hard/libc.a(lib_a-init.o)
 .debug_loc     0x0000000000000176      0x34f /usr/lib/gcc/arm-none-eabi/10.3.1/../../../arm-none-eabi/lib/thumb/v7e-m+fp/hard/libc.a(lib_a-memmove.o)
 .debug_loc     0x00000000000004c5      0x22c /usr/lib/gcc/arm-none-eabi/10.3.1/../../../arm-none-eabi/lib/thumb/v7e-m+fp/hard/libc.a(lib_a-memset.o)
 .debug_loc     0x00000000000006f1       0x25 /usr/lib/gcc/arm-none-eabi/10.3.1/../../../arm-none-eabi/lib/thumb/v7e-m+fp/hard/libc.a(lib_a-strcpy.o)
 .debug_loc     0x0000000000000716      0x138 /usr/lib/gcc/arm-none-eabi/10.3.1/../../../arm-none-eabi/lib/thumb/v7e-m+fp/hard/libc.a(lib_a-__atexit.o)
 .debug_loc     0x000000000000084e      0x1cc /usr/lib/gcc/arm-none-eabi/10.3.1/../../../arm-none-eabi/lib/thumb/v7e-m+fp/hard/libc.a(lib_a-__call_atexit.o)
 .debug_loc     0x0000000000000a1a       0x98 /usr/lib/gcc/arm-none-eabi/10.3.1/../../../arm-none-eabi/lib/thumb/v7e-m+fp/hard/libm.a(lib_a-s_fmax.o)
 .debug_loc     0x0000000000000ab2       0x98 /usr/lib/gcc/arm-none-eabi/10.3.1/../../../arm-none-eabi/lib/thumb/v7e-m+fp/hard/libm.a(lib_a-s_fmin.o)
 .debug_loc     0x0000000000000b4a      0x199 /usr/lib/gcc/arm-none-eabi/10.3.1/../../../arm-none-eabi/lib/thumb/v7e-m+fp/hard/libm.a(lib_a-s_fpclassify.o)
